2024-12-20T21:21:55.812+01:00  INFO 18876 --- [bank-server] [restartedMain] s.bank_server.BankServerApplication      : Starting BankServerApplication using Java 21.0.3 with PID 18876 (F:\Projects\Bank\bank-server\target\classes started by space in F:\Projects\Bank\bank-server)
2024-12-20T21:21:55.814+01:00  INFO 18876 --- [bank-server] [restartedMain] s.bank_server.BankServerApplication      : No active profile set, falling back to 1 default profile: "default"
2024-12-20T21:21:55.888+01:00  INFO 18876 --- [bank-server] [restartedMain] .e.DevToolsPropertyDefaultsPostProcessor : Devtools property defaults active! Set 'spring.devtools.add-properties' to 'false' to disable
2024-12-20T21:21:55.888+01:00  INFO 18876 --- [bank-server] [restartedMain] .e.DevToolsPropertyDefaultsPostProcessor : For additional web related logging consider setting the 'logging.level.web' property to 'DEBUG'
2024-12-20T21:21:56.761+01:00  INFO 18876 --- [bank-server] [restartedMain] .s.d.r.c.RepositoryConfigurationDelegate : Bootstrapping Spring Data JPA repositories in DEFAULT mode.
2024-12-20T21:21:56.851+01:00  INFO 18876 --- [bank-server] [restartedMain] .s.d.r.c.RepositoryConfigurationDelegate : Finished Spring Data repository scanning in 81 ms. Found 4 JPA repository interfaces.
2024-12-20T21:21:57.493+01:00  INFO 18876 --- [bank-server] [restartedMain] o.s.b.w.embedded.tomcat.TomcatWebServer  : Tomcat initialized with port 8080 (http)
2024-12-20T21:21:57.506+01:00  INFO 18876 --- [bank-server] [restartedMain] o.apache.catalina.core.StandardService   : Starting service [Tomcat]
2024-12-20T21:21:57.507+01:00  INFO 18876 --- [bank-server] [restartedMain] o.apache.catalina.core.StandardEngine    : Starting Servlet engine: [Apache Tomcat/10.1.34]
2024-12-20T21:21:57.558+01:00  INFO 18876 --- [bank-server] [restartedMain] o.a.c.c.C.[Tomcat].[localhost].[/]       : Initializing Spring embedded WebApplicationContext
2024-12-20T21:21:57.558+01:00  INFO 18876 --- [bank-server] [restartedMain] w.s.c.ServletWebServerApplicationContext : Root WebApplicationContext: initialization completed in 1669 ms
2024-12-20T21:21:57.741+01:00  INFO 18876 --- [bank-server] [restartedMain] o.hibernate.jpa.internal.util.LogHelper  : HHH000204: Processing PersistenceUnitInfo [name: default]
2024-12-20T21:21:57.885+01:00  INFO 18876 --- [bank-server] [restartedMain] org.hibernate.Version                    : HHH000412: Hibernate ORM core version 6.5.3.Final
2024-12-20T21:21:57.954+01:00  INFO 18876 --- [bank-server] [restartedMain] o.h.c.internal.RegionFactoryInitiator    : HHH000026: Second-level cache disabled
2024-12-20T21:21:58.310+01:00  INFO 18876 --- [bank-server] [restartedMain] o.s.o.j.p.SpringPersistenceUnitInfo      : No LoadTimeWeaver setup: ignoring JPA class transformer
2024-12-20T21:21:58.338+01:00  INFO 18876 --- [bank-server] [restartedMain] com.zaxxer.hikari.HikariDataSource       : HikariPool-1 - Starting...
2024-12-20T21:21:58.665+01:00  INFO 18876 --- [bank-server] [restartedMain] com.zaxxer.hikari.pool.HikariPool        : HikariPool-1 - Added connection org.postgresql.jdbc.PgConnection@163f85f6
2024-12-20T21:21:58.667+01:00  INFO 18876 --- [bank-server] [restartedMain] com.zaxxer.hikari.HikariDataSource       : HikariPool-1 - Start completed.
2024-12-20T21:21:58.707+01:00  WARN 18876 --- [bank-server] [restartedMain] org.hibernate.orm.deprecation            : HHH90000025: PostgreSQLDialect does not need to be specified explicitly using 'hibernate.dialect' (remove the property setting and it will be selected by default)
2024-12-20T21:21:59.814+01:00  INFO 18876 --- [bank-server] [restartedMain] o.h.e.t.j.p.i.JtaPlatformInitiator       : HHH000489: No JTA platform available (set 'hibernate.transaction.jta.platform' to enable JTA platform integration)
2024-12-20T21:22:00.145+01:00  INFO 18876 --- [bank-server] [restartedMain] j.LocalContainerEntityManagerFactoryBean : Initialized JPA EntityManagerFactory for persistence unit 'default'
2024-12-20T21:22:00.504+01:00  WARN 18876 --- [bank-server] [restartedMain] JpaBaseConfiguration$JpaWebConfiguration : spring.jpa.open-in-view is enabled by default. Therefore, database queries may be performed during view rendering. Explicitly configure spring.jpa.open-in-view to disable this warning
2024-12-20T21:22:00.855+01:00  INFO 18876 --- [bank-server] [restartedMain] o.s.b.d.a.OptionalLiveReloadServer       : LiveReload server is running on port 35729
2024-12-20T21:22:00.890+01:00  INFO 18876 --- [bank-server] [restartedMain] o.s.b.w.embedded.tomcat.TomcatWebServer  : Tomcat started on port 8080 (http) with context path '/'
2024-12-20T21:22:00.901+01:00  INFO 18876 --- [bank-server] [restartedMain] s.bank_server.BankServerApplication      : Started BankServerApplication in 5.873 seconds (process running for 6.807)
2024-12-20T21:24:46.973+01:00  INFO 2596 --- [bank-server] [restartedMain] s.bank_server.BankServerApplication      : Starting BankServerApplication using Java 21.0.3 with PID 2596 (F:\Projects\Bank\bank-server\target\classes started by space in F:\Projects\Bank\bank-server)
2024-12-20T21:24:46.975+01:00  INFO 2596 --- [bank-server] [restartedMain] s.bank_server.BankServerApplication      : No active profile set, falling back to 1 default profile: "default"
2024-12-20T21:24:47.022+01:00  INFO 2596 --- [bank-server] [restartedMain] .e.DevToolsPropertyDefaultsPostProcessor : Devtools property defaults active! Set 'spring.devtools.add-properties' to 'false' to disable
2024-12-20T21:24:47.022+01:00  INFO 2596 --- [bank-server] [restartedMain] .e.DevToolsPropertyDefaultsPostProcessor : For additional web related logging consider setting the 'logging.level.web' property to 'DEBUG'
2024-12-20T21:24:47.652+01:00  INFO 2596 --- [bank-server] [restartedMain] .s.d.r.c.RepositoryConfigurationDelegate : Bootstrapping Spring Data JPA repositories in DEFAULT mode.
2024-12-20T21:24:47.729+01:00  INFO 2596 --- [bank-server] [restartedMain] .s.d.r.c.RepositoryConfigurationDelegate : Finished Spring Data repository scanning in 69 ms. Found 4 JPA repository interfaces.
2024-12-20T21:24:48.456+01:00  INFO 2596 --- [bank-server] [restartedMain] o.s.b.w.embedded.tomcat.TomcatWebServer  : Tomcat initialized with port 8080 (http)
2024-12-20T21:24:48.471+01:00  INFO 2596 --- [bank-server] [restartedMain] o.apache.catalina.core.StandardService   : Starting service [Tomcat]
2024-12-20T21:24:48.471+01:00  INFO 2596 --- [bank-server] [restartedMain] o.apache.catalina.core.StandardEngine    : Starting Servlet engine: [Apache Tomcat/10.1.34]
2024-12-20T21:24:48.523+01:00  INFO 2596 --- [bank-server] [restartedMain] o.a.c.c.C.[Tomcat].[localhost].[/]       : Initializing Spring embedded WebApplicationContext
2024-12-20T21:24:48.523+01:00  INFO 2596 --- [bank-server] [restartedMain] w.s.c.ServletWebServerApplicationContext : Root WebApplicationContext: initialization completed in 1501 ms
2024-12-20T21:24:48.699+01:00  INFO 2596 --- [bank-server] [restartedMain] o.hibernate.jpa.internal.util.LogHelper  : HHH000204: Processing PersistenceUnitInfo [name: default]
2024-12-20T21:24:48.750+01:00  INFO 2596 --- [bank-server] [restartedMain] org.hibernate.Version                    : HHH000412: Hibernate ORM core version 6.5.3.Final
2024-12-20T21:24:48.781+01:00  INFO 2596 --- [bank-server] [restartedMain] o.h.c.internal.RegionFactoryInitiator    : HHH000026: Second-level cache disabled
2024-12-20T21:24:49.178+01:00  INFO 2596 --- [bank-server] [restartedMain] o.s.o.j.p.SpringPersistenceUnitInfo      : No LoadTimeWeaver setup: ignoring JPA class transformer
2024-12-20T21:24:49.204+01:00  INFO 2596 --- [bank-server] [restartedMain] com.zaxxer.hikari.HikariDataSource       : HikariPool-1 - Starting...
2024-12-20T21:24:49.521+01:00  INFO 2596 --- [bank-server] [restartedMain] com.zaxxer.hikari.pool.HikariPool        : HikariPool-1 - Added connection org.postgresql.jdbc.PgConnection@7e4e825a
2024-12-20T21:24:49.523+01:00  INFO 2596 --- [bank-server] [restartedMain] com.zaxxer.hikari.HikariDataSource       : HikariPool-1 - Start completed.
2024-12-20T21:24:49.564+01:00  WARN 2596 --- [bank-server] [restartedMain] org.hibernate.orm.deprecation            : HHH90000025: PostgreSQLDialect does not need to be specified explicitly using 'hibernate.dialect' (remove the property setting and it will be selected by default)
2024-12-20T21:24:50.545+01:00  INFO 2596 --- [bank-server] [restartedMain] o.h.e.t.j.p.i.JtaPlatformInitiator       : HHH000489: No JTA platform available (set 'hibernate.transaction.jta.platform' to enable JTA platform integration)
2024-12-20T21:24:50.659+01:00  INFO 2596 --- [bank-server] [restartedMain] j.LocalContainerEntityManagerFactoryBean : Initialized JPA EntityManagerFactory for persistence unit 'default'
2024-12-20T21:24:51.003+01:00  WARN 2596 --- [bank-server] [restartedMain] JpaBaseConfiguration$JpaWebConfiguration : spring.jpa.open-in-view is enabled by default. Therefore, database queries may be performed during view rendering. Explicitly configure spring.jpa.open-in-view to disable this warning
2024-12-20T21:24:51.395+01:00  INFO 2596 --- [bank-server] [restartedMain] o.s.b.d.a.OptionalLiveReloadServer       : LiveReload server is running on port 35729
2024-12-20T21:24:51.439+01:00  INFO 2596 --- [bank-server] [restartedMain] o.s.b.w.embedded.tomcat.TomcatWebServer  : Tomcat started on port 8080 (http) with context path '/'
2024-12-20T21:24:51.450+01:00  INFO 2596 --- [bank-server] [restartedMain] s.bank_server.BankServerApplication      : Started BankServerApplication in 4.851 seconds (process running for 5.461)
2024-12-20T21:31:55.332+01:00  INFO 19568 --- [bank-server] [restartedMain] s.bank_server.BankServerApplication      : Starting BankServerApplication using Java 21.0.3 with PID 19568 (F:\Projects\Bank\bank-server\target\classes started by space in F:\Projects\Bank\bank-server)
2024-12-20T21:31:55.335+01:00  INFO 19568 --- [bank-server] [restartedMain] s.bank_server.BankServerApplication      : No active profile set, falling back to 1 default profile: "default"
2024-12-20T21:31:55.391+01:00  INFO 19568 --- [bank-server] [restartedMain] .e.DevToolsPropertyDefaultsPostProcessor : Devtools property defaults active! Set 'spring.devtools.add-properties' to 'false' to disable
2024-12-20T21:31:55.392+01:00  INFO 19568 --- [bank-server] [restartedMain] .e.DevToolsPropertyDefaultsPostProcessor : For additional web related logging consider setting the 'logging.level.web' property to 'DEBUG'
2024-12-20T21:31:55.991+01:00  INFO 19568 --- [bank-server] [restartedMain] .s.d.r.c.RepositoryConfigurationDelegate : Bootstrapping Spring Data JPA repositories in DEFAULT mode.
2024-12-20T21:31:56.088+01:00  INFO 19568 --- [bank-server] [restartedMain] .s.d.r.c.RepositoryConfigurationDelegate : Finished Spring Data repository scanning in 84 ms. Found 4 JPA repository interfaces.
2024-12-20T21:31:56.822+01:00  INFO 19568 --- [bank-server] [restartedMain] o.s.b.w.embedded.tomcat.TomcatWebServer  : Tomcat initialized with port 8080 (http)
2024-12-20T21:31:56.841+01:00  INFO 19568 --- [bank-server] [restartedMain] o.apache.catalina.core.StandardService   : Starting service [Tomcat]
2024-12-20T21:31:56.841+01:00  INFO 19568 --- [bank-server] [restartedMain] o.apache.catalina.core.StandardEngine    : Starting Servlet engine: [Apache Tomcat/10.1.34]
2024-12-20T21:31:56.894+01:00  INFO 19568 --- [bank-server] [restartedMain] o.a.c.c.C.[Tomcat].[localhost].[/]       : Initializing Spring embedded WebApplicationContext
2024-12-20T21:31:56.895+01:00  INFO 19568 --- [bank-server] [restartedMain] w.s.c.ServletWebServerApplicationContext : Root WebApplicationContext: initialization completed in 1503 ms
2024-12-20T21:31:57.065+01:00  INFO 19568 --- [bank-server] [restartedMain] o.hibernate.jpa.internal.util.LogHelper  : HHH000204: Processing PersistenceUnitInfo [name: default]
2024-12-20T21:31:57.130+01:00  INFO 19568 --- [bank-server] [restartedMain] org.hibernate.Version                    : HHH000412: Hibernate ORM core version 6.5.3.Final
2024-12-20T21:31:57.176+01:00  INFO 19568 --- [bank-server] [restartedMain] o.h.c.internal.RegionFactoryInitiator    : HHH000026: Second-level cache disabled
2024-12-20T21:31:57.457+01:00  INFO 19568 --- [bank-server] [restartedMain] o.s.o.j.p.SpringPersistenceUnitInfo      : No LoadTimeWeaver setup: ignoring JPA class transformer
2024-12-20T21:31:57.484+01:00  INFO 19568 --- [bank-server] [restartedMain] com.zaxxer.hikari.HikariDataSource       : HikariPool-1 - Starting...
2024-12-20T21:31:57.807+01:00  INFO 19568 --- [bank-server] [restartedMain] com.zaxxer.hikari.pool.HikariPool        : HikariPool-1 - Added connection org.postgresql.jdbc.PgConnection@5fcf03b7
2024-12-20T21:31:57.809+01:00  INFO 19568 --- [bank-server] [restartedMain] com.zaxxer.hikari.HikariDataSource       : HikariPool-1 - Start completed.
2024-12-20T21:31:57.847+01:00  WARN 19568 --- [bank-server] [restartedMain] org.hibernate.orm.deprecation            : HHH90000025: PostgreSQLDialect does not need to be specified explicitly using 'hibernate.dialect' (remove the property setting and it will be selected by default)
2024-12-20T21:31:59.006+01:00  INFO 19568 --- [bank-server] [restartedMain] o.h.e.t.j.p.i.JtaPlatformInitiator       : HHH000489: No JTA platform available (set 'hibernate.transaction.jta.platform' to enable JTA platform integration)
2024-12-20T21:31:59.130+01:00  INFO 19568 --- [bank-server] [restartedMain] j.LocalContainerEntityManagerFactoryBean : Initialized JPA EntityManagerFactory for persistence unit 'default'
2024-12-20T21:31:59.498+01:00  WARN 19568 --- [bank-server] [restartedMain] JpaBaseConfiguration$JpaWebConfiguration : spring.jpa.open-in-view is enabled by default. Therefore, database queries may be performed during view rendering. Explicitly configure spring.jpa.open-in-view to disable this warning
2024-12-20T21:31:59.867+01:00  INFO 19568 --- [bank-server] [restartedMain] o.s.b.d.a.OptionalLiveReloadServer       : LiveReload server is running on port 35729
2024-12-20T21:31:59.902+01:00  INFO 19568 --- [bank-server] [restartedMain] o.s.b.w.embedded.tomcat.TomcatWebServer  : Tomcat started on port 8080 (http) with context path '/'
2024-12-20T21:31:59.920+01:00  INFO 19568 --- [bank-server] [restartedMain] s.bank_server.BankServerApplication      : Started BankServerApplication in 4.991 seconds (process running for 5.416)
2024-12-20T21:31:59.926+01:00  INFO 19568 --- [bank-server] [scheduling-1] s.b.tasks.NeutronTransferTasks           : Test
2024-12-20T21:32:04.920+01:00  INFO 19568 --- [bank-server] [scheduling-1] s.b.tasks.NeutronTransferTasks           : Test
2024-12-20T21:32:09.924+01:00  INFO 19568 --- [bank-server] [scheduling-1] s.b.tasks.NeutronTransferTasks           : Test
2024-12-20T21:32:14.926+01:00  INFO 19568 --- [bank-server] [scheduling-1] s.b.tasks.NeutronTransferTasks           : Test
2024-12-20T21:32:19.928+01:00  INFO 19568 --- [bank-server] [scheduling-1] s.b.tasks.NeutronTransferTasks           : Test
2024-12-20T21:32:24.933+01:00  INFO 19568 --- [bank-server] [scheduling-1] s.b.tasks.NeutronTransferTasks           : Test
2024-12-20T21:32:29.928+01:00  INFO 19568 --- [bank-server] [scheduling-1] s.b.tasks.NeutronTransferTasks           : Test
2024-12-20T21:32:34.929+01:00  INFO 19568 --- [bank-server] [scheduling-1] s.b.tasks.NeutronTransferTasks           : Test
2024-12-20T21:32:39.918+01:00  INFO 19568 --- [bank-server] [scheduling-1] s.b.tasks.NeutronTransferTasks           : Test
2024-12-20T21:32:44.926+01:00  INFO 19568 --- [bank-server] [scheduling-1] s.b.tasks.NeutronTransferTasks           : Test
2024-12-20T21:32:49.928+01:00  INFO 19568 --- [bank-server] [scheduling-1] s.b.tasks.NeutronTransferTasks           : Test
2024-12-20T21:32:54.924+01:00  INFO 19568 --- [bank-server] [scheduling-1] s.b.tasks.NeutronTransferTasks           : Test
2024-12-20T21:32:59.918+01:00  INFO 19568 --- [bank-server] [scheduling-1] s.b.tasks.NeutronTransferTasks           : Test
2024-12-20T21:33:04.932+01:00  INFO 19568 --- [bank-server] [scheduling-1] s.b.tasks.NeutronTransferTasks           : Test
2024-12-20T21:33:09.928+01:00  INFO 19568 --- [bank-server] [scheduling-1] s.b.tasks.NeutronTransferTasks           : Test
2024-12-20T21:33:14.929+01:00  INFO 19568 --- [bank-server] [scheduling-1] s.b.tasks.NeutronTransferTasks           : Test
2024-12-20T21:33:19.926+01:00  INFO 19568 --- [bank-server] [scheduling-1] s.b.tasks.NeutronTransferTasks           : Test
2024-12-20T21:33:24.925+01:00  INFO 19568 --- [bank-server] [scheduling-1] s.b.tasks.NeutronTransferTasks           : Test
2024-12-20T21:33:29.924+01:00  INFO 19568 --- [bank-server] [scheduling-1] s.b.tasks.NeutronTransferTasks           : Test
2024-12-20T21:33:34.920+01:00  INFO 19568 --- [bank-server] [scheduling-1] s.b.tasks.NeutronTransferTasks           : Test
2024-12-20T21:33:39.925+01:00  INFO 19568 --- [bank-server] [scheduling-1] s.b.tasks.NeutronTransferTasks           : Test
2024-12-20T21:33:44.921+01:00  INFO 19568 --- [bank-server] [scheduling-1] s.b.tasks.NeutronTransferTasks           : Test
2024-12-20T21:33:49.931+01:00  INFO 19568 --- [bank-server] [scheduling-1] s.b.tasks.NeutronTransferTasks           : Test
2024-12-20T21:33:54.933+01:00  INFO 19568 --- [bank-server] [scheduling-1] s.b.tasks.NeutronTransferTasks           : Test
2024-12-20T21:33:59.925+01:00  INFO 19568 --- [bank-server] [scheduling-1] s.b.tasks.NeutronTransferTasks           : Test
2024-12-20T21:34:04.928+01:00  INFO 19568 --- [bank-server] [scheduling-1] s.b.tasks.NeutronTransferTasks           : Test
2024-12-20T21:34:09.930+01:00  INFO 19568 --- [bank-server] [scheduling-1] s.b.tasks.NeutronTransferTasks           : Test
2024-12-20T21:34:14.930+01:00  INFO 19568 --- [bank-server] [scheduling-1] s.b.tasks.NeutronTransferTasks           : Test
2024-12-20T21:34:19.930+01:00  INFO 19568 --- [bank-server] [scheduling-1] s.b.tasks.NeutronTransferTasks           : Test
2024-12-20T21:34:24.921+01:00  INFO 19568 --- [bank-server] [scheduling-1] s.b.tasks.NeutronTransferTasks           : Test
2024-12-20T21:34:29.928+01:00  INFO 19568 --- [bank-server] [scheduling-1] s.b.tasks.NeutronTransferTasks           : Test
2024-12-20T21:34:34.928+01:00  INFO 19568 --- [bank-server] [scheduling-1] s.b.tasks.NeutronTransferTasks           : Test
2024-12-20T21:34:39.930+01:00  INFO 19568 --- [bank-server] [scheduling-1] s.b.tasks.NeutronTransferTasks           : Test
2024-12-20T21:34:44.929+01:00  INFO 19568 --- [bank-server] [scheduling-1] s.b.tasks.NeutronTransferTasks           : Test
2024-12-20T21:34:49.929+01:00  INFO 19568 --- [bank-server] [scheduling-1] s.b.tasks.NeutronTransferTasks           : Test
2024-12-20T21:34:54.927+01:00  INFO 19568 --- [bank-server] [scheduling-1] s.b.tasks.NeutronTransferTasks           : Test
2024-12-20T21:34:59.931+01:00  INFO 19568 --- [bank-server] [scheduling-1] s.b.tasks.NeutronTransferTasks           : Test
2024-12-20T21:35:04.933+01:00  INFO 19568 --- [bank-server] [scheduling-1] s.b.tasks.NeutronTransferTasks           : Test
2024-12-20T21:35:09.924+01:00  INFO 19568 --- [bank-server] [scheduling-1] s.b.tasks.NeutronTransferTasks           : Test
2024-12-20T21:35:14.921+01:00  INFO 19568 --- [bank-server] [scheduling-1] s.b.tasks.NeutronTransferTasks           : Test
2024-12-20T21:35:19.932+01:00  INFO 19568 --- [bank-server] [scheduling-1] s.b.tasks.NeutronTransferTasks           : Test
2024-12-20T21:35:24.918+01:00  INFO 19568 --- [bank-server] [scheduling-1] s.b.tasks.NeutronTransferTasks           : Test
2024-12-20T21:35:29.923+01:00  INFO 19568 --- [bank-server] [scheduling-1] s.b.tasks.NeutronTransferTasks           : Test
2024-12-20T21:35:34.924+01:00  INFO 19568 --- [bank-server] [scheduling-1] s.b.tasks.NeutronTransferTasks           : Test
2024-12-20T21:35:39.932+01:00  INFO 19568 --- [bank-server] [scheduling-1] s.b.tasks.NeutronTransferTasks           : Test
2024-12-20T21:35:44.921+01:00  INFO 19568 --- [bank-server] [scheduling-1] s.b.tasks.NeutronTransferTasks           : Test
2024-12-20T21:35:49.921+01:00  INFO 19568 --- [bank-server] [scheduling-1] s.b.tasks.NeutronTransferTasks           : Test
2024-12-20T21:35:54.923+01:00  INFO 19568 --- [bank-server] [scheduling-1] s.b.tasks.NeutronTransferTasks           : Test
2024-12-20T21:35:59.930+01:00  INFO 19568 --- [bank-server] [scheduling-1] s.b.tasks.NeutronTransferTasks           : Test
2024-12-20T21:36:04.931+01:00  INFO 19568 --- [bank-server] [scheduling-1] s.b.tasks.NeutronTransferTasks           : Test
2024-12-20T21:36:09.923+01:00  INFO 19568 --- [bank-server] [scheduling-1] s.b.tasks.NeutronTransferTasks           : Test
2024-12-20T21:36:14.932+01:00  INFO 19568 --- [bank-server] [scheduling-1] s.b.tasks.NeutronTransferTasks           : Test
2024-12-20T21:36:19.930+01:00  INFO 19568 --- [bank-server] [scheduling-1] s.b.tasks.NeutronTransferTasks           : Test
2024-12-20T21:36:24.932+01:00  INFO 19568 --- [bank-server] [scheduling-1] s.b.tasks.NeutronTransferTasks           : Test
2024-12-20T21:36:29.928+01:00  INFO 19568 --- [bank-server] [scheduling-1] s.b.tasks.NeutronTransferTasks           : Test
2024-12-20T21:36:34.930+01:00  INFO 19568 --- [bank-server] [scheduling-1] s.b.tasks.NeutronTransferTasks           : Test
2024-12-20T21:36:39.929+01:00  INFO 19568 --- [bank-server] [scheduling-1] s.b.tasks.NeutronTransferTasks           : Test
2024-12-20T21:36:44.930+01:00  INFO 19568 --- [bank-server] [scheduling-1] s.b.tasks.NeutronTransferTasks           : Test
2024-12-20T21:36:49.926+01:00  INFO 19568 --- [bank-server] [scheduling-1] s.b.tasks.NeutronTransferTasks           : Test
2024-12-20T21:36:54.931+01:00  INFO 19568 --- [bank-server] [scheduling-1] s.b.tasks.NeutronTransferTasks           : Test
2024-12-20T21:36:59.927+01:00  INFO 19568 --- [bank-server] [scheduling-1] s.b.tasks.NeutronTransferTasks           : Test
2024-12-20T21:37:04.930+01:00  INFO 19568 --- [bank-server] [scheduling-1] s.b.tasks.NeutronTransferTasks           : Test
2024-12-20T21:37:09.928+01:00  INFO 19568 --- [bank-server] [scheduling-1] s.b.tasks.NeutronTransferTasks           : Test
2024-12-20T21:37:14.924+01:00  INFO 19568 --- [bank-server] [scheduling-1] s.b.tasks.NeutronTransferTasks           : Test
2024-12-20T21:37:19.931+01:00  INFO 19568 --- [bank-server] [scheduling-1] s.b.tasks.NeutronTransferTasks           : Test
2024-12-20T21:37:24.925+01:00  INFO 19568 --- [bank-server] [scheduling-1] s.b.tasks.NeutronTransferTasks           : Test
2024-12-20T21:37:29.921+01:00  INFO 19568 --- [bank-server] [scheduling-1] s.b.tasks.NeutronTransferTasks           : Test
2024-12-20T21:37:34.918+01:00  INFO 19568 --- [bank-server] [scheduling-1] s.b.tasks.NeutronTransferTasks           : Test
2024-12-20T21:37:39.917+01:00  INFO 19568 --- [bank-server] [scheduling-1] s.b.tasks.NeutronTransferTasks           : Test
2024-12-20T21:37:44.933+01:00  INFO 19568 --- [bank-server] [scheduling-1] s.b.tasks.NeutronTransferTasks           : Test
2024-12-20T21:37:49.932+01:00  INFO 19568 --- [bank-server] [scheduling-1] s.b.tasks.NeutronTransferTasks           : Test
2024-12-20T21:37:54.923+01:00  INFO 19568 --- [bank-server] [scheduling-1] s.b.tasks.NeutronTransferTasks           : Test
2024-12-20T21:37:59.932+01:00  INFO 19568 --- [bank-server] [scheduling-1] s.b.tasks.NeutronTransferTasks           : Test
2024-12-20T21:38:04.930+01:00  INFO 19568 --- [bank-server] [scheduling-1] s.b.tasks.NeutronTransferTasks           : Test
2024-12-20T21:38:09.921+01:00  INFO 19568 --- [bank-server] [scheduling-1] s.b.tasks.NeutronTransferTasks           : Test
2024-12-20T21:38:14.928+01:00  INFO 19568 --- [bank-server] [scheduling-1] s.b.tasks.NeutronTransferTasks           : Test
2024-12-20T21:38:19.933+01:00  INFO 19568 --- [bank-server] [scheduling-1] s.b.tasks.NeutronTransferTasks           : Test
2024-12-20T21:38:24.925+01:00  INFO 19568 --- [bank-server] [scheduling-1] s.b.tasks.NeutronTransferTasks           : Test
2024-12-20T21:38:29.926+01:00  INFO 19568 --- [bank-server] [scheduling-1] s.b.tasks.NeutronTransferTasks           : Test
2024-12-20T21:38:34.927+01:00  INFO 19568 --- [bank-server] [scheduling-1] s.b.tasks.NeutronTransferTasks           : Test
2024-12-20T21:38:39.920+01:00  INFO 19568 --- [bank-server] [scheduling-1] s.b.tasks.NeutronTransferTasks           : Test
2024-12-20T21:38:44.932+01:00  INFO 19568 --- [bank-server] [scheduling-1] s.b.tasks.NeutronTransferTasks           : Test
2024-12-20T21:38:49.927+01:00  INFO 19568 --- [bank-server] [scheduling-1] s.b.tasks.NeutronTransferTasks           : Test
2024-12-20T21:38:54.921+01:00  INFO 19568 --- [bank-server] [scheduling-1] s.b.tasks.NeutronTransferTasks           : Test
2024-12-20T21:38:59.927+01:00  INFO 19568 --- [bank-server] [scheduling-1] s.b.tasks.NeutronTransferTasks           : Test
2024-12-20T21:39:04.924+01:00  INFO 19568 --- [bank-server] [scheduling-1] s.b.tasks.NeutronTransferTasks           : Test
2024-12-20T21:39:09.927+01:00  INFO 19568 --- [bank-server] [scheduling-1] s.b.tasks.NeutronTransferTasks           : Test
2024-12-20T21:39:14.923+01:00  INFO 19568 --- [bank-server] [scheduling-1] s.b.tasks.NeutronTransferTasks           : Test
